
> riocity9@0.0.1 build
> vite build

[36mvite v6.3.5 [32mbuilding for production...[36m[39m
transforming...
[32mΓ£ô[39m 2366 modules transformed.
node.exe : [31mΓ£ù[39m 
Build failed in 2.71s
At C:\Program 
Files\nodejs\npm.ps1:29 
char:3
+   & $NODE_EXE $NPM_CLI_JS 
$args
+   
~~~~~~~~~~~~~~~~~~~~~~~~~~~~~
    + CategoryInfo           
   : NotSpecified: ([31mΓ£  
  ù[39m Build failed in 2   
 .71s:String) [], RemoteE    
xception
    + FullyQualifiedErrorId  
   : NativeCommandError
 
[31merror during build:
[31msrc/app/App.tsx (29:9): 
"HotGame" is not exported by 
"src/app/pages/HotGame.tsx", 
imported by 
"src/app/App.tsx".[31m
file: [36mC:/Users/vince/One
Drive/Desktop/Riocity9/src/ap
p/App.tsx:29:9[31m
[33m
27: import { RecentGame } 
from './pages/RecentGame';
28: import { AllGame } from 
'./pages/AllGame';
29: import { HotGame } from 
'./pages/HotGame';
             ^
30: import { Crash } from 
'./pages/Crash';
31: import { Register } from 
'./pages/Register';
[31m
    at getRollupError (file:/
//C:/Users/vince/OneDrive/Des
ktop/Riocity9/node_modules/ro
llup/dist/es/shared/parseAst.
js:401:41)
    at error (file:///C:/User
s/vince/OneDrive/Desktop/Rioc
ity9/node_modules/rollup/dist
/es/shared/parseAst.js:397:42
)
    at Module.error (file:///
C:/Users/vince/OneDrive/Deskt
op/Riocity9/node_modules/roll
up/dist/es/shared/node-entry.
js:17022:16)
    at Module.traceVariable (
file:///C:/Users/vince/OneDri
ve/Desktop/Riocity9/node_modu
les/rollup/dist/es/shared/nod
e-entry.js:17478:29)
    at 
ModuleScope.findVariable (fil
e:///C:/Users/vince/OneDrive/
Desktop/Riocity9/node_modules
/rollup/dist/es/shared/node-e
ntry.js:15141:39)
    at 
FunctionScope.findVariable (f
ile:///C:/Users/vince/OneDriv
e/Desktop/Riocity9/node_modul
es/rollup/dist/es/shared/node
-entry.js:5688:38)
    at FunctionBodyScope.find
Variable (file:///C:/Users/vi
nce/OneDrive/Desktop/Riocity9
/node_modules/rollup/dist/es/
shared/node-entry.js:5688:38)
    at Identifier.bind (file:
///C:/Users/vince/OneDrive/De
sktop/Riocity9/node_modules/r
ollup/dist/es/shared/node-ent
ry.js:5462:40)
    at CallExpression.bind (f
ile:///C:/Users/vince/OneDriv
e/Desktop/Riocity9/node_modul
es/rollup/dist/es/shared/node
-entry.js:2825:28)
    at CallExpression.bind (f
ile:///C:/Users/vince/OneDriv
e/Desktop/Riocity9/node_modul
es/rollup/dist/es/shared/node
-entry.js:12172:15)[39m
